
> creator-seller-marketplace-frontend@1.0.1 build
> node node_modules/vite/bin/vite.js build

[36mvite v5.4.21 [32mbuilding for production...[36m[39m
transforming...
[32mΓ£ô[39m 17 modules transformed.
x Build failed in 2.98s
error during build:
[vite:css] [postcss] C:/Users/sukhv/project 2/frontend/src/index.css:93:5: The `py-s1.5` class does not exist. If `py-s1.5` is a custom class, make sure it is defined within a `@layer` directive.
file: C:/Users/sukhv/project 2/frontend/src/index.css:93:4
    at Input.error (C:\Users\sukhv\project 2\frontend\node_modules\postcss\lib\input.js:135:16)
    at AtRule.error (C:\Users\sukhv\project 2\frontend\node_modules\postcss\lib\node.js:146:32)
    at processApply (C:\Users\sukhv\project 2\frontend\node_modules\tailwindcss\lib\lib\expandApplyAtRules.js:380:29)
    at C:\Users\sukhv\project 2\frontend\node_modules\tailwindcss\lib\lib\expandApplyAtRules.js:551:9
    at C:\Users\sukhv\project 2\frontend\node_modules\tailwindcss\lib\processTailwindFeatures.js:55:50
    at async plugins (C:\Users\sukhv\project 2\frontend\node_modules\tailwindcss\lib\plugin.js:38:17)
    at async LazyResult.runAsync (C:\Users\sukhv\project 2\frontend\node_modules\postcss\lib\lazy-result.js:293:11)
    at async compileCSS (file:///C:/Users/sukhv/project%202/frontend/node_modules/vite/dist/node/chunks/dep-BK3b2jBa.js:36898:21)
    at async Object.transform (file:///C:/Users/sukhv/project%202/frontend/node_modules/vite/dist/node/chunks/dep-BK3b2jBa.js:36171:11)
    at async transform (file:///C:/Users/sukhv/project%202/frontend/node_modules/rollup/dist/es/shared/node-entry.js:21234:16)
