Testing Email Configuration...
User: thecollabify1108@gmail.com
Pass: ********
Host: smtp.gmail.com
Port: 587
Verifying transporter...
Γ¥î Email test failed: Invalid login: 535-5.7.8 Username and Password not accepted. For more information, go to
535 5.7.8  https://support.google.com/mail/?p=BadCredentials d9443c01a7336-2adfb69f244sm226284275ad.59 - gsmtp
Authentication Error: Please check if EMAIL_USER and EMAIL_PASS are correct and if App Passwords are required.
